// Jest Snapshot v1, https://goo.gl/fbAQLP

exports[`renders learn react link 1`] = `
.c0 {
  background: #F00;
}

<div
  class="c0"
>
  <h1>
    Home
  </h1>
</div>
`;
